
> text2vid@0.0.0 build
> next build

Γû▓ Next.js 16.1.7 (Turbopack)
- Environments: .env

  Creating an optimized production build ...
Γ£ô Compiled successfully in 7.8s
  Running TypeScript ...
  Collecting page data using 11 workers ...
node.exe : R2_ENDPOINT is not defined in 
environment variables.
At C:\Program Files\nodejs\npm.ps1:29 
char:3
+   & $NODE_EXE $NPM_CLI_JS $args
+   ~~~~~~~~~~~~~~~~~~~~~~~~~~~~~
    + CategoryInfo          : NotSpecifie 
   d: (R2_ENDPOINT is ...ment variables.  
  :String) [], RemoteException
    + FullyQualifiedErrorId : NativeComma 
   ndError
 
  Generating static pages using 11 workers (0/49) ...
  Generating static pages using 11 workers (12/49) 
  Generating static pages using 11 workers (24/49) 
  Generating static pages using 11 workers (36/49) 
R2_ENDPOINT is not defined in environment 
variables.
Γ£ô Generating static pages using 11 workers (49/49) in 762.3ms
  Finalizing page optimization ...

Route (app)
Γöî Γùï /
Γö£ Γùï /_not-found
Γö£ Γùï /admin
Γö£ Γùï /admin/trend-requests
Γö£ ╞Æ /api/admin/audit-logs
Γö£ ╞Æ /api/admin/check
Γö£ ╞Æ /api/admin/delete-user
Γö£ ╞Æ /api/admin/update-credits
Γö£ ╞Æ /api/admin/users
Γö£ ╞Æ /api/ai-influencer/generate-script
Γö£ ╞Æ /api/fal/webhook
Γö£ ╞Æ /api/product-placement
Γö£ ╞Æ /api/product-shoots
Γö£ ╞Æ /api/razorpay/create-subscription
Γö£ ╞Æ /api/razorpay/verify-payment
Γö£ ╞Æ /api/razorpay/webhook
Γö£ ╞Æ /api/sqs/ai-influencer
Γö£ ╞Æ /api/sqs/director-photos
Γö£ ╞Æ /api/sqs/product-shoots
Γö£ ╞Æ /api/sqs/stitch
Γö£ ╞Æ /api/sqs/trend-photos
Γö£ ╞Æ /api/stitch
Γö£ ╞Æ /api/upload/avatar
Γö£ ╞Æ /api/vision-orchestrator
Γö£ Γùï /billing
Γö£ Γùï /generations
Γö£ Γùï /history
Γö£ Γùï /login
Γö£ Γùï /masivpage
Γö£ Γùï /onboarding
Γö£ Γùï /onboarding/intro/ai-images
Γö£ Γùï /onboarding/intro/video-agent
Γö£ Γùï /onboarding/organisation
Γö£ Γùï /onboarding/organisation/form
Γö£ Γùï /onboarding/organisation/join
Γö£ Γùï /onboarding/pro
Γö£ Γùï /onboarding/pro/create
Γö£ Γùï /onboarding/pro/join
Γö£ Γùï /onboarding/profile
Γö£ Γùï /onboarding/welcome
Γö£ Γùï /pro-prompt
Γö£ Γùï /profile
Γö£ Γùï /test
Γö£ Γùï /workspace
Γö£ Γùï /workspace/ai-influencer
Γö£ Γùï /workspace/director
Γö£ Γùï /workspace/product
Γöö Γùï /workspace/social


Γùï  (Static)   prerendered as static content
╞Æ  (Dynamic)  server-rendered on demand

